https://www.dickblick.com/items/00620-3009/
https://www.dickblick.com/items/00620-1039/
https://www.dickblick.com/items/00620-2089/
https://www.dickblick.com/items/00620-1009/
https://www.dickblick.com/items/00620-3443/
https://www.dickblick.com/items/00620-3444/
https://www.dickblick.com/items/00620-3065/
https://www.dickblick.com/items/00620-3445/
https://www.dickblick.com/items/00620-3446/
https://www.dickblick.com/items/00620-3067/
https://www.dickblick.com/items/00620-5913/
https://www.dickblick.com/items/00620-5915/
https://www.dickblick.com/items/00620-5918/
https://www.dickblick.com/items/00620-5916/
https://www.dickblick.com/items/00620-5917/
https://www.dickblick.com/items/00620-4277/
https://www.dickblick.com/items/00620-5983/
https://www.dickblick.com/items/00620-5987/
https://www.dickblick.com/items/00620-5985/
https://www.dickblick.com/items/00620-5986/
https://www.dickblick.com/items/00620-5988/
https://www.dickblick.com/items/00620-4453/
https://www.dickblick.com/items/00620-4454/
https://www.dickblick.com/items/00620-4455/
https://www.dickblick.com/items/00620-4458/
https://www.dickblick.com/items/00620-4456/
https://www.dickblick.com/items/00620-4457/
https://www.dickblick.com/items/00620-4233/
https://www.dickblick.com/items/00620-4234/
https://www.dickblick.com/items/00620-4235/
https://www.dickblick.com/items/00620-4238/
https://www.dickblick.com/items/00620-4236/
https://www.dickblick.com/items/00620-4237/
https://www.dickblick.com/items/00620-4613/
https://www.dickblick.com/items/00620-4615/
https://www.dickblick.com/items/00620-4618/
https://www.dickblick.com/items/00620-4616/
https://www.dickblick.com/items/00620-4617/
https://www.dickblick.com/items/00620-2103/
https://www.dickblick.com/items/00620-2104/
https://www.dickblick.com/items/00620-2105/
https://www.dickblick.com/items/00620-2108/
https://www.dickblick.com/items/00620-2106/
https://www.dickblick.com/items/00620-2107/
https://www.dickblick.com/items/00620-2109/
https://www.dickblick.com/items/00620-8043/
https://www.dickblick.com/items/00620-8044/
https://www.dickblick.com/items/00620-8045/
https://www.dickblick.com/items/00620-8048/
https://www.dickblick.com/items/00620-8046/
https://www.dickblick.com/items/00620-8047/
https://www.dickblick.com/items/00620-8053/
https://www.dickblick.com/items/00620-8054/
https://www.dickblick.com/items/00620-8055/
https://www.dickblick.com/items/00620-8058/
https://www.dickblick.com/items/00620-8056/
https://www.dickblick.com/items/00620-8057/
https://www.dickblick.com/items/00620-8673/
https://www.dickblick.com/items/00620-8675/
https://www.dickblick.com/items/00620-8678/
https://www.dickblick.com/items/00620-8676/
https://www.dickblick.com/items/00620-8677/
https://www.dickblick.com/items/00620-4913/
https://www.dickblick.com/items/00620-4914/
https://www.dickblick.com/items/00620-4915/
https://www.dickblick.com/items/00620-4918/
https://www.dickblick.com/items/00620-4916/
https://www.dickblick.com/items/00620-4917/
https://www.dickblick.com/items/00620-3713/
https://www.dickblick.com/items/00620-3715/
https://www.dickblick.com/items/00620-3718/
https://www.dickblick.com/items/00620-3716/
https://www.dickblick.com/items/00620-3717/
https://www.dickblick.com/items/00620-3723/
https://www.dickblick.com/items/00620-3725/
https://www.dickblick.com/items/00620-3728/
https://www.dickblick.com/items/00620-3726/
https://www.dickblick.com/items/00620-3727/
https://www.dickblick.com/items/00620-3733/
https://www.dickblick.com/items/00620-3734/
https://www.dickblick.com/items/00620-3735/
https://www.dickblick.com/items/00620-3738/
https://www.dickblick.com/items/00620-3736/
https://www.dickblick.com/items/00620-3739/
https://www.dickblick.com/items/00620-3233/
https://www.dickblick.com/items/00620-3235/
https://www.dickblick.com/items/00620-3238/
https://www.dickblick.com/items/00620-3236/
https://www.dickblick.com/items/00620-3237/
https://www.dickblick.com/items/00620-4953/
https://www.dickblick.com/items/00620-4955/
https://www.dickblick.com/items/00620-4958/
https://www.dickblick.com/items/00620-4956/
https://www.dickblick.com/items/00620-4957/
https://www.dickblick.com/items/00620-4963/
https://www.dickblick.com/items/00620-4965/
https://www.dickblick.com/items/00620-4968/
https://www.dickblick.com/items/00620-4966/
https://www.dickblick.com/items/00620-4967/
https://www.dickblick.com/items/00620-4973/
https://www.dickblick.com/items/00620-4974/
https://www.dickblick.com/items/00620-4975/
https://www.dickblick.com/items/00620-4978/
https://www.dickblick.com/items/00620-4976/
https://www.dickblick.com/items/00620-4977/
https://www.dickblick.com/items/00620-4193/
https://www.dickblick.com/items/00620-4195/
https://www.dickblick.com/items/00620-4198/
https://www.dickblick.com/items/00620-4196/
https://www.dickblick.com/items/00620-4197/
https://www.dickblick.com/items/00620-4983/
https://www.dickblick.com/items/00620-4985/
https://www.dickblick.com/items/00620-4988/
https://www.dickblick.com/items/00620-4986/
https://www.dickblick.com/items/00620-4987/
https://www.dickblick.com/items/00620-2123/
https://www.dickblick.com/items/00620-2124/
https://www.dickblick.com/items/00620-2125/
https://www.dickblick.com/items/00620-2128/
https://www.dickblick.com/items/00620-2126/
https://www.dickblick.com/items/00620-2127/
https://www.dickblick.com/items/00620-5923/
https://www.dickblick.com/items/00620-5925/
https://www.dickblick.com/items/00620-5928/
https://www.dickblick.com/items/00620-5926/
https://www.dickblick.com/items/00620-5927/
https://www.dickblick.com/items/00620-5163/
https://www.dickblick.com/items/00620-5165/
https://www.dickblick.com/items/00620-5168/
https://www.dickblick.com/items/00620-5166/
https://www.dickblick.com/items/00620-5167/
https://www.dickblick.com/items/00620-7113/
https://www.dickblick.com/items/00620-7115/
https://www.dickblick.com/items/00620-7118/
https://www.dickblick.com/items/00620-7116/
https://www.dickblick.com/items/00620-7117/
https://www.dickblick.com/items/00620-7953/
https://www.dickblick.com/items/00620-7955/
https://www.dickblick.com/items/00620-7958/
https://www.dickblick.com/items/00620-7956/
https://www.dickblick.com/items/00620-7957/
https://www.dickblick.com/items/00620-5183/
https://www.dickblick.com/items/00620-5184/
https://www.dickblick.com/items/00620-5185/
https://www.dickblick.com/items/00620-5188/
https://www.dickblick.com/items/00620-5186/
https://www.dickblick.com/items/00620-5187/
https://www.dickblick.com/items/00620-5193/
https://www.dickblick.com/items/00620-5195/
https://www.dickblick.com/items/00620-5198/
https://www.dickblick.com/items/00620-5196/
https://www.dickblick.com/items/00620-5197/
https://www.dickblick.com/items/00620-7163/
https://www.dickblick.com/items/00620-7165/
https://www.dickblick.com/items/00620-7168/
https://www.dickblick.com/items/00620-7166/
https://www.dickblick.com/items/00620-7167/
https://www.dickblick.com/items/00620-5883/
https://www.dickblick.com/items/00620-5885/
https://www.dickblick.com/items/00620-5888/
https://www.dickblick.com/items/00620-5886/
https://www.dickblick.com/items/00620-5887/
https://www.dickblick.com/items/00620-5373/
https://www.dickblick.com/items/00620-5375/
https://www.dickblick.com/items/00620-5378/
https://www.dickblick.com/items/00620-5376/
https://www.dickblick.com/items/00620-5377/
https://www.dickblick.com/items/00620-6573/
https://www.dickblick.com/items/00620-6576/
https://www.dickblick.com/items/00620-6575/
https://www.dickblick.com/items/00620-6426/
https://www.dickblick.com/items/00620-6577/
https://www.dickblick.com/items/00620-4493/
https://www.dickblick.com/items/00620-4495/
https://www.dickblick.com/items/00620-4498/
https://www.dickblick.com/items/00620-4496/
https://www.dickblick.com/items/00620-4497/
https://www.dickblick.com/items/00620-6023/
https://www.dickblick.com/items/00620-6025/
https://www.dickblick.com/items/00620-6028/
https://www.dickblick.com/items/00620-6026/
https://www.dickblick.com/items/00620-6027/
https://www.dickblick.com/items/00620-5244/
https://www.dickblick.com/items/00620-5246/
https://www.dickblick.com/items/00620-4344/
https://www.dickblick.com/items/00620-4346/
https://www.dickblick.com/items/00620-7274/
https://www.dickblick.com/items/00620-7276/
https://www.dickblick.com/items/00620-3344/
https://www.dickblick.com/items/00620-3056/
https://www.dickblick.com/items/00620-4564/
https://www.dickblick.com/items/00620-4566/
https://www.dickblick.com/items/00620-4594/
https://www.dickblick.com/items/00620-4836/
https://www.dickblick.com/items/00620-3484/
https://www.dickblick.com/items/00620-4376/
https://www.dickblick.com/items/00620-3814/
https://www.dickblick.com/items/00620-4396/
https://www.dickblick.com/items/00620-2613/
https://www.dickblick.com/items/00620-2615/
https://www.dickblick.com/items/00620-2618/
https://www.dickblick.com/items/00620-2616/
https://www.dickblick.com/items/00620-2617/
https://www.dickblick.com/items/00620-9063/
https://www.dickblick.com/items/00620-9064/
https://www.dickblick.com/items/00620-9065/
https://www.dickblick.com/items/00620-9068/
https://www.dickblick.com/items/00620-9066/
https://www.dickblick.com/items/00620-9067/
https://www.dickblick.com/items/00620-4703/
https://www.dickblick.com/items/00620-4704/
https://www.dickblick.com/items/00620-4705/
https://www.dickblick.com/items/00620-4708/
https://www.dickblick.com/items/00620-4706/
https://www.dickblick.com/items/00620-4707/
https://www.dickblick.com/items/00620-4713/
https://www.dickblick.com/items/00620-4714/
https://www.dickblick.com/items/00620-4715/
https://www.dickblick.com/items/00620-4718/
https://www.dickblick.com/items/00620-4716/
https://www.dickblick.com/items/00620-4717/
https://www.dickblick.com/items/00620-4003/
https://www.dickblick.com/items/00620-4005/
https://www.dickblick.com/items/00620-4008/
https://www.dickblick.com/items/00620-4006/
https://www.dickblick.com/items/00620-4007/
https://www.dickblick.com/items/00620-7943/
https://www.dickblick.com/items/00620-7947/
https://www.dickblick.com/items/00620-7945/
https://www.dickblick.com/items/00620-7946/
https://www.dickblick.com/items/00620-7127/
https://www.dickblick.com/items/00620-4723/
https://www.dickblick.com/items/00620-4727/
https://www.dickblick.com/items/00620-4725/
https://www.dickblick.com/items/00620-4726/
https://www.dickblick.com/items/00620-4728/
https://www.dickblick.com/items/00620-7933/
https://www.dickblick.com/items/00620-7935/
https://www.dickblick.com/items/00620-7938/
https://www.dickblick.com/items/00620-7936/
https://www.dickblick.com/items/00620-7937/
https://www.dickblick.com/items/00620-4603/
https://www.dickblick.com/items/00620-4605/
https://www.dickblick.com/items/00620-4608/
https://www.dickblick.com/items/00620-4606/
https://www.dickblick.com/items/00620-4607/
https://www.dickblick.com/items/00620-7683/
https://www.dickblick.com/items/00620-7685/
https://www.dickblick.com/items/00620-7688/
https://www.dickblick.com/items/00620-7686/
https://www.dickblick.com/items/00620-7687/
https://www.dickblick.com/items/00620-7693/
https://www.dickblick.com/items/00620-7695/
https://www.dickblick.com/items/00620-7698/
https://www.dickblick.com/items/00620-7696/
https://www.dickblick.com/items/00620-7697/
https://www.dickblick.com/items/00620-3583/
https://www.dickblick.com/items/00620-3585/
https://www.dickblick.com/items/00620-3588/
https://www.dickblick.com/items/00620-3586/
https://www.dickblick.com/items/00620-3587/
https://www.dickblick.com/items/00620-5173/
https://www.dickblick.com/items/00620-5175/
https://www.dickblick.com/items/00620-5178/
https://www.dickblick.com/items/00620-5176/
https://www.dickblick.com/items/00620-5177/
https://www.dickblick.com/items/00620-7803/
https://www.dickblick.com/items/00620-7805/
https://www.dickblick.com/items/00620-7808/
https://www.dickblick.com/items/00620-7806/
https://www.dickblick.com/items/00620-7807/
https://www.dickblick.com/items/00620-4513/
https://www.dickblick.com/items/00620-4515/
https://www.dickblick.com/items/00620-4518/
https://www.dickblick.com/items/00620-4516/
https://www.dickblick.com/items/00620-4517/
https://www.dickblick.com/items/00620-5973/
https://www.dickblick.com/items/00620-5975/
https://www.dickblick.com/items/00620-5978/
https://www.dickblick.com/items/00620-5976/
https://www.dickblick.com/items/00620-5977/
https://www.dickblick.com/items/00620-5233/
https://www.dickblick.com/items/00620-5234/
https://www.dickblick.com/items/00620-5235/
https://www.dickblick.com/items/00620-5238/
https://www.dickblick.com/items/00620-5236/
https://www.dickblick.com/items/00620-5237/
https://www.dickblick.com/items/00620-6533/
https://www.dickblick.com/items/00620-6535/
https://www.dickblick.com/items/00620-6538/
https://www.dickblick.com/items/00620-6536/
https://www.dickblick.com/items/00620-6537/
https://www.dickblick.com/items/00620-5333/
https://www.dickblick.com/items/00620-5334/
https://www.dickblick.com/items/00620-5815/
https://www.dickblick.com/items/00620-5335/
https://www.dickblick.com/items/00620-5336/
https://www.dickblick.com/items/00620-3167/
https://www.dickblick.com/items/00620-2043/
https://www.dickblick.com/items/00620-2044/
https://www.dickblick.com/items/00620-2045/
https://www.dickblick.com/items/00620-2048/
https://www.dickblick.com/items/00620-2046/
https://www.dickblick.com/items/00620-2049/
https://www.dickblick.com/items/00620-2047/
https://www.dickblick.com/items/00620-4383/
https://www.dickblick.com/items/00620-4385/
https://www.dickblick.com/items/00620-4388/
https://www.dickblick.com/items/00620-4386/
https://www.dickblick.com/items/00620-4387/
https://www.dickblick.com/items/00620-3043/
https://www.dickblick.com/items/00620-3044/
https://www.dickblick.com/items/00620-3045/
https://www.dickblick.com/items/00620-3048/
https://www.dickblick.com/items/00620-3046/
https://www.dickblick.com/items/00620-3047/
https://www.dickblick.com/items/00620-6523/
https://www.dickblick.com/items/00620-6525/
https://www.dickblick.com/items/00620-6528/
https://www.dickblick.com/items/00620-6526/
https://www.dickblick.com/items/00620-6527/
https://www.dickblick.com/items/00620-3193/
https://www.dickblick.com/items/00620-3195/
https://www.dickblick.com/items/00620-3198/
https://www.dickblick.com/items/00620-3196/
https://www.dickblick.com/items/00620-3197/
https://www.dickblick.com/items/00620-3753/
https://www.dickblick.com/items/00620-3755/
https://www.dickblick.com/items/00620-3758/
https://www.dickblick.com/items/00620-3756/
https://www.dickblick.com/items/00620-3757/
https://www.dickblick.com/items/00620-4243/
https://www.dickblick.com/items/00620-4244/
https://www.dickblick.com/items/00620-4247/
https://www.dickblick.com/items/00620-4245/
https://www.dickblick.com/items/00620-4246/
https://www.dickblick.com/items/00620-4147/
https://www.dickblick.com/items/00620-2423/
https://www.dickblick.com/items/00620-2425/
https://www.dickblick.com/items/00620-2548/
https://www.dickblick.com/items/00620-2546/
https://www.dickblick.com/items/00620-2547/
https://www.dickblick.com/items/00620-2433/
https://www.dickblick.com/items/00620-2435/
https://www.dickblick.com/items/00620-2558/
https://www.dickblick.com/items/00620-2556/
https://www.dickblick.com/items/00620-2557/
https://www.dickblick.com/items/00620-2443/
https://www.dickblick.com/items/00620-2445/
https://www.dickblick.com/items/00620-2559/
https://www.dickblick.com/items/00620-2566/
https://www.dickblick.com/items/00620-2567/
https://www.dickblick.com/items/00620-2603/
https://www.dickblick.com/items/00620-2545/
https://www.dickblick.com/items/00620-2578/
https://www.dickblick.com/items/00620-2576/
https://www.dickblick.com/items/00620-2577/
https://www.dickblick.com/items/00620-2463/
https://www.dickblick.com/items/00620-2465/
https://www.dickblick.com/items/00620-2588/
https://www.dickblick.com/items/00620-2586/
https://www.dickblick.com/items/00620-2587/
https://www.dickblick.com/items/00620-2473/
https://www.dickblick.com/items/00620-2475/
https://www.dickblick.com/items/00620-2598/
https://www.dickblick.com/items/00620-2596/
https://www.dickblick.com/items/00620-2597/
https://www.dickblick.com/items/00620-2483/
https://www.dickblick.com/items/00620-2485/
https://www.dickblick.com/items/00620-2508/
https://www.dickblick.com/items/00620-2506/
https://www.dickblick.com/items/00620-2507/
https://www.dickblick.com/items/00620-4993/
https://www.dickblick.com/items/00620-4995/
https://www.dickblick.com/items/00620-4998/
https://www.dickblick.com/items/00620-4996/
https://www.dickblick.com/items/00620-4997/
https://www.dickblick.com/items/00620-2563/
https://www.dickblick.com/items/00620-2564/
https://www.dickblick.com/items/00620-2565/
https://www.dickblick.com/items/00620-2568/
https://www.dickblick.com/items/00620-2906/
https://www.dickblick.com/items/00620-2517/
https://www.dickblick.com/items/00620-7083/
https://www.dickblick.com/items/00620-7085/
https://www.dickblick.com/items/00620-7088/
https://www.dickblick.com/items/00620-7086/
https://www.dickblick.com/items/00620-7087/
https://www.dickblick.com/items/00620-3333/
https://www.dickblick.com/items/00620-3335/
https://www.dickblick.com/items/00620-3338/
https://www.dickblick.com/items/00620-3336/
https://www.dickblick.com/items/00620-3337/
https://www.dickblick.com/items/00620-6923/
https://www.dickblick.com/items/00620-6925/
https://www.dickblick.com/items/00620-6928/
https://www.dickblick.com/items/00620-6926/
https://www.dickblick.com/items/00620-6927/
https://www.dickblick.com/items/00620-7264/
https://www.dickblick.com/items/00620-7265/
https://www.dickblick.com/items/00620-7266/
https://www.dickblick.com/items/00620-5943/
https://www.dickblick.com/items/00620-5944/
https://www.dickblick.com/items/00620-5945/
https://www.dickblick.com/items/00620-5948/
https://www.dickblick.com/items/00620-5946/
https://www.dickblick.com/items/00620-5947/
https://www.dickblick.com/items/00620-5743/
https://www.dickblick.com/items/00620-5745/
https://www.dickblick.com/items/00620-5748/
https://www.dickblick.com/items/00620-5746/
https://www.dickblick.com/items/00620-5747/
https://www.dickblick.com/items/00620-7183/
https://www.dickblick.com/items/00620-7185/
https://www.dickblick.com/items/00620-7188/
https://www.dickblick.com/items/00620-7186/
https://www.dickblick.com/items/00620-7187/
https://www.dickblick.com/items/00620-7563/
https://www.dickblick.com/items/00620-7565/
https://www.dickblick.com/items/00620-7568/
https://www.dickblick.com/items/00620-7566/
https://www.dickblick.com/items/00620-7567/
https://www.dickblick.com/items/00620-5953/
https://www.dickblick.com/items/00620-5954/
https://www.dickblick.com/items/00620-5955/
https://www.dickblick.com/items/00620-5958/
https://www.dickblick.com/items/00620-5956/
https://www.dickblick.com/items/00620-5957/
https://www.dickblick.com/items/00620-3763/
https://www.dickblick.com/items/00620-3764/
https://www.dickblick.com/items/00620-3765/
https://www.dickblick.com/items/00620-3768/
https://www.dickblick.com/items/00620-3766/
https://www.dickblick.com/items/00620-3767/
https://www.dickblick.com/items/00620-4533/
https://www.dickblick.com/items/00620-4534/
https://www.dickblick.com/items/00620-4535/
https://www.dickblick.com/items/00620-4538/
https://www.dickblick.com/items/00620-4536/
https://www.dickblick.com/items/00620-4537/
https://www.dickblick.com/items/00620-5223/
https://www.dickblick.com/items/00620-5227/
https://www.dickblick.com/items/00620-5225/
https://www.dickblick.com/items/00620-5226/
https://www.dickblick.com/items/00620-5327/
https://www.dickblick.com/items/00620-4503/
https://www.dickblick.com/items/00620-4505/
https://www.dickblick.com/items/00620-4508/
https://www.dickblick.com/items/00620-4506/
https://www.dickblick.com/items/00620-4507/
https://www.dickblick.com/items/00620-3773/
https://www.dickblick.com/items/00620-3775/
https://www.dickblick.com/items/00620-3778/
https://www.dickblick.com/items/00620-3776/
https://www.dickblick.com/items/00620-3777/
https://www.dickblick.com/items/00620-3673/
https://www.dickblick.com/items/00620-3675/
https://www.dickblick.com/items/00620-3678/
https://www.dickblick.com/items/00620-3676/
https://www.dickblick.com/items/00620-3677/
https://www.dickblick.com/items/00620-3693/
https://www.dickblick.com/items/00620-3695/
https://www.dickblick.com/items/00620-4788/
https://www.dickblick.com/items/00620-3696/
https://www.dickblick.com/items/00620-4783/
https://www.dickblick.com/items/00620-4785/
https://www.dickblick.com/items/00620-3788/
https://www.dickblick.com/items/00620-4786/
https://www.dickblick.com/items/00620-4787/
https://www.dickblick.com/items/00620-3783/
https://www.dickblick.com/items/00620-3785/
https://www.dickblick.com/items/00620-9098/
https://www.dickblick.com/items/00620-3786/
https://www.dickblick.com/items/00620-3787/
https://www.dickblick.com/items/00620-3623/
https://www.dickblick.com/items/00620-3624/
https://www.dickblick.com/items/00620-3625/
https://www.dickblick.com/items/00620-3278/
https://www.dickblick.com/items/00620-3626/
https://www.dickblick.com/items/00620-3627/
https://www.dickblick.com/items/00620-3273/
https://www.dickblick.com/items/00620-3275/
https://www.dickblick.com/items/00620-3798/
https://www.dickblick.com/items/00620-3276/
https://www.dickblick.com/items/00620-3277/
https://www.dickblick.com/items/00620-3793/
https://www.dickblick.com/items/00620-3795/
https://www.dickblick.com/items/00620-3279/
https://www.dickblick.com/items/00620-3796/
https://www.dickblick.com/items/00620-3797/
https://www.dickblick.com/items/00620-6513/
https://www.dickblick.com/items/00620-6515/
https://www.dickblick.com/items/00620-6518/
https://www.dickblick.com/items/00620-6516/
https://www.dickblick.com/items/00620-6517/
https://www.dickblick.com/items/00620-9083/
https://www.dickblick.com/items/00620-9084/
https://www.dickblick.com/items/00620-9085/
https://www.dickblick.com/items/00620-9088/
https://www.dickblick.com/items/00620-9086/
https://www.dickblick.com/items/00620-9087/
https://www.dickblick.com/items/00620-8063/
https://www.dickblick.com/items/00620-8065/
https://www.dickblick.com/items/00620-8068/
https://www.dickblick.com/items/00620-8066/
https://www.dickblick.com/items/00620-8067/
https://www.dickblick.com/items/00620-8073/
https://www.dickblick.com/items/00620-8075/
https://www.dickblick.com/items/00620-8078/
https://www.dickblick.com/items/00620-8076/
https://www.dickblick.com/items/00620-8077/
https://www.dickblick.com/items/00620-3123/
https://www.dickblick.com/items/00620-3125/
https://www.dickblick.com/items/00620-3128/
https://www.dickblick.com/items/00620-3126/
https://www.dickblick.com/items/00620-3127/
https://www.dickblick.com/items/00620-7093/
https://www.dickblick.com/items/00620-7097/
https://www.dickblick.com/items/00620-7095/
https://www.dickblick.com/items/00620-7096/
https://www.dickblick.com/items/00620-7299/
https://www.dickblick.com/items/00620-5993/
https://www.dickblick.com/items/00620-5997/
https://www.dickblick.com/items/00620-5995/
https://www.dickblick.com/items/00620-5996/
https://www.dickblick.com/items/00620-5998/
https://www.dickblick.com/items/00620-5073/
https://www.dickblick.com/items/00620-5074/
https://www.dickblick.com/items/00620-5075/
https://www.dickblick.com/items/00620-5078/
https://www.dickblick.com/items/00620-5076/
https://www.dickblick.com/items/00620-5077/
https://www.dickblick.com/items/00620-7133/
https://www.dickblick.com/items/00620-7137/
https://www.dickblick.com/items/00620-7135/
https://www.dickblick.com/items/00620-7037/
https://www.dickblick.com/items/00620-8913/
https://www.dickblick.com/items/00620-8914/
https://www.dickblick.com/items/00620-8915/
https://www.dickblick.com/items/00620-8918/
https://www.dickblick.com/items/00620-8916/
https://www.dickblick.com/items/00620-8917/
https://www.dickblick.com/items/00620-7023/
https://www.dickblick.com/items/00620-7025/
https://www.dickblick.com/items/00620-7028/
https://www.dickblick.com/items/00620-7026/
https://www.dickblick.com/items/00620-7027/
https://www.dickblick.com/items/00620-2053/
https://www.dickblick.com/items/00620-2055/
https://www.dickblick.com/items/00620-2058/
https://www.dickblick.com/items/00620-2056/
https://www.dickblick.com/items/00620-2057/
https://www.dickblick.com/items/00620-6543/
https://www.dickblick.com/items/00620-6545/
https://www.dickblick.com/items/00620-6548/
https://www.dickblick.com/items/00620-6546/
https://www.dickblick.com/items/00620-6547/
https://www.dickblick.com/items/00620-5003/
https://www.dickblick.com/items/00620-5005/
https://www.dickblick.com/items/00620-5008/
https://www.dickblick.com/items/00620-5006/
https://www.dickblick.com/items/00620-5007/
https://www.dickblick.com/items/00620-1013/
https://www.dickblick.com/items/00620-1024/
https://www.dickblick.com/items/00620-1015/
https://www.dickblick.com/items/00620-1025/
https://www.dickblick.com/items/00620-1026/
https://www.dickblick.com/items/00620-1027/
https://www.dickblick.com/items/00620-1029/
https://www.dickblick.com/items/00620-8933/
https://www.dickblick.com/items/00620-8935/
https://www.dickblick.com/items/00620-8938/
https://www.dickblick.com/items/00620-8936/
https://www.dickblick.com/items/00620-8937/
https://www.dickblick.com/items/00620-3703/
https://www.dickblick.com/items/00620-3415/
https://www.dickblick.com/items/00620-3708/
https://www.dickblick.com/items/00620-3706/
https://www.dickblick.com/items/00620-3707/
https://www.dickblick.com/items/00620-4013/
https://www.dickblick.com/items/00620-4015/
https://www.dickblick.com/items/00620-4018/
https://www.dickblick.com/items/00620-4016/
https://www.dickblick.com/items/00620-4017/
https://www.dickblick.com/items/00620-5963/
https://www.dickblick.com/items/00620-5415/
https://www.dickblick.com/items/00620-5968/
https://www.dickblick.com/items/00620-5966/
https://www.dickblick.com/items/00620-5967/
https://www.dickblick.com/items/00620-5133/
https://www.dickblick.com/items/00620-5134/
https://www.dickblick.com/items/00620-5135/
https://www.dickblick.com/items/00620-5138/
https://www.dickblick.com/items/00620-5136/
https://www.dickblick.com/items/00620-5139/
https://www.dickblick.com/items/00620-6643/
https://www.dickblick.com/items/00620-6735/
https://www.dickblick.com/items/00620-6648/
https://www.dickblick.com/items/00620-6646/
https://www.dickblick.com/items/00620-6647/
https://www.dickblick.com/items/00620-8923/
https://www.dickblick.com/items/00620-8927/
https://www.dickblick.com/items/00620-8925/
https://www.dickblick.com/items/00620-8926/
https://www.dickblick.com/items/00620-4943/
https://www.dickblick.com/items/00620-4945/
https://www.dickblick.com/items/00620-4948/
https://www.dickblick.com/items/00620-4946/
https://www.dickblick.com/items/00620-4947/
https://www.dickblick.com/items/00620-6913/
https://www.dickblick.com/items/00620-6915/
https://www.dickblick.com/items/00620-6918/
https://www.dickblick.com/items/00620-6916/
https://www.dickblick.com/items/00620-6917/
https://www.dickblick.com/items/00620-7193/
https://www.dickblick.com/items/00620-7197/
https://www.dickblick.com/items/00620-7195/
https://www.dickblick.com/items/00620-7196/
https://www.dickblick.com/items/00620-7907/
https://www.dickblick.com/items/00620-4043/
https://www.dickblick.com/items/00620-4044/
https://www.dickblick.com/items/00620-4045/
https://www.dickblick.com/items/00620-4048/
https://www.dickblick.com/items/00620-4046/
https://www.dickblick.com/items/00620-4047/
https://www.dickblick.com/items/00620-4113/
https://www.dickblick.com/items/00620-4115/
https://www.dickblick.com/items/00620-4118/
https://www.dickblick.com/items/00620-4116/
https://www.dickblick.com/items/00620-4117/
https://www.dickblick.com/items/00620-1033/
https://www.dickblick.com/items/00620-1034/
https://www.dickblick.com/items/00620-1035/
https://www.dickblick.com/items/00620-1038/
https://www.dickblick.com/items/00620-1036/
https://www.dickblick.com/items/00620-1037/
https://www.dickblick.com/items/00620-1049/